fvm : Package 
file_picker:linux 
references 
file_picker:linux as 
the default plugin, 
but it does not 
provide an inline 
implementation.
At line:1 char:1
+ fvm flutter build 
apk --debug --no-tree
-shake-icons 2>&1 | 
Out-File b ...
+ ~~~~~~~~~~~~~~~~~~~
~~~~~~~~~~~~~~~~~~~~~
~~~~~~~~~~~~~~~~
    + CategoryInfo   
           : NotSpe  
  cified: (Package   
  file_pi...imple    
mentation.:Strin    
g) [], RemoteExc    
eption
    + FullyQualified 
   ErrorId : Native  
  CommandError
 
Ask the maintainers 
of file_picker to 
either avoid 
referencing a 
default 
implementation via 
`platforms: linux: 
default_package: 
file_picker` or add 
an inline 
implementation to 
file_picker via 
`platforms: linux:` 
`pluginClass` or 
`dartPluginClass`.

Package 
file_picker:macos 
references 
file_picker:macos as 
the default plugin, 
but it does not 
provide an inline 
implementation.
Ask the maintainers 
of file_picker to 
either avoid 
referencing a 
default 
implementation via 
`platforms: macos: 
default_package: 
file_picker` or add 
an inline 
implementation to 
file_picker via 
`platforms: macos:` 
`pluginClass` or 
`dartPluginClass`.

Package 
file_picker:windows 
references 
file_picker:windows 
as the default 
plugin, but it does 
not provide an 
inline 
implementation.
Ask the maintainers 
of file_picker to 
either avoid 
referencing a 
default 
implementation via 
`platforms: windows: 
default_package: 
file_picker` or add 
an inline 
implementation to 
file_picker via 
`platforms: 
windows:` 
`pluginClass` or 
`dartPluginClass`.

Package 
file_picker:linux 
references 
file_picker:linux as 
the default plugin, 
but it does not 
provide an inline 
implementation.
Ask the maintainers 
of file_picker to 
either avoid 
referencing a 
default 
implementation via 
`platforms: linux: 
default_package: 
file_picker` or add 
an inline 
implementation to 
file_picker via 
`platforms: linux:` 
`pluginClass` or 
`dartPluginClass`.

Package 
file_picker:macos 
references 
file_picker:macos as 
the default plugin, 
but it does not 
provide an inline 
implementation.
Ask the maintainers 
of file_picker to 
either avoid 
referencing a 
default 
implementation via 
`platforms: macos: 
default_package: 
file_picker` or add 
an inline 
implementation to 
file_picker via 
`platforms: macos:` 
`pluginClass` or 
`dartPluginClass`.

Package 
file_picker:windows 
references 
file_picker:windows 
as the default 
plugin, but it does 
not provide an 
inline 
implementation.
Ask the maintainers 
of file_picker to 
either avoid 
referencing a 
default 
implementation via 
`platforms: windows: 
default_package: 
file_picker` or add 
an inline 
implementation to 
file_picker via 
`platforms: 
windows:` 
`pluginClass` or 
`dartPluginClass`.

Package 
file_picker:linux 
references 
file_picker:linux as 
the default plugin, 
but it does not 
provide an inline 
implementation.
Ask the maintainers 
of file_picker to 
either avoid 
referencing a 
default 
implementation via 
`platforms: linux: 
default_package: 
file_picker` or add 
an inline 
implementation to 
file_picker via 
`platforms: linux:` 
`pluginClass` or 
`dartPluginClass`.

Package 
file_picker:macos 
references 
file_picker:macos as 
the default plugin, 
but it does not 
provide an inline 
implementation.
Ask the maintainers 
of file_picker to 
either avoid 
referencing a 
default 
implementation via 
`platforms: macos: 
default_package: 
file_picker` or add 
an inline 
implementation to 
file_picker via 
`platforms: macos:` 
`pluginClass` or 
`dartPluginClass`.

Package 
file_picker:windows 
references 
file_picker:windows 
as the default 
plugin, but it does 
not provide an 
inline 
implementation.
Ask the maintainers 
of file_picker to 
either avoid 
referencing a 
default 
implementation via 
`platforms: windows: 
default_package: 
file_picker` or add 
an inline 
implementation to 
file_picker via 
`platforms: 
windows:` 
`pluginClass` or 
`dartPluginClass`.

Package 
file_picker:linux 
references 
file_picker:linux as 
the default plugin, 
but it does not 
provide an inline 
implementation.
Ask the maintainers 
of file_picker to 
either avoid 
referencing a 
default 
implementation via 
`platforms: linux: 
default_package: 
file_picker` or add 
an inline 
implementation to 
file_picker via 
`platforms: linux:` 
`pluginClass` or 
`dartPluginClass`.

Package 
file_picker:macos 
references 
file_picker:macos as 
the default plugin, 
but it does not 
provide an inline 
implementation.
Ask the maintainers 
of file_picker to 
either avoid 
referencing a 
default 
implementation via 
`platforms: macos: 
default_package: 
file_picker` or add 
an inline 
implementation to 
file_picker via 
`platforms: macos:` 
`pluginClass` or 
`dartPluginClass`.

Package 
file_picker:windows 
references 
file_picker:windows 
as the default 
plugin, but it does 
not provide an 
inline 
implementation.
Ask the maintainers 
of file_picker to 
either avoid 
referencing a 
default 
implementation via 
`platforms: windows: 
default_package: 
file_picker` or add 
an inline 
implementation to 
file_picker via 
`platforms: 
windows:` 
`pluginClass` or 
`dartPluginClass`.

Running Gradle task 'assembleDebug'...                          
Warning: Flutter 
support for your 
project's Gradle 
version (8.3.0) will 
soon be dropped. 
Please upgrade your 
Gradle version to a 
version of at least 
8.7.0 soon.
Alternatively, use 
the flag "--android-s
kip-build-dependency-
validation" to 
bypass this check.

Potential fix: Your 
project's gradle 
version is typically 
defined in the 
gradle wrapper file. 
By default, this can 
be found at D:\Repos\
passwordpdf\android/g
radle/wrapper/gradle-
wrapper.properties. 
For more 
information, see http
s://docs.gradle.org/c
urrent/userguide/grad
le_wrapper.html.


FAILURE: Build 
failed with an 
exception.

* Where:
Build file 'D:\Repos\
passwordpdf\android\a
pp\build.gradle' 
line: 5

* What went wrong:
An exception 
occurred applying 
plugin request [id: '
dev.flutter.flutter-g
radle-plugin']
> Failed to apply 
plugin 'dev.flutter.f
lutter-gradle-plugin'
.
   > Error: Your 
project's Android 
Gradle Plugin 
version (Android 
Gradle Plugin 
version 8.1.0) is 
lower than Flutter's 
minimum supported 
version of Android 
Gradle Plugin 
version 8.1.1. 
Please upgrade your 
Android Gradle 
Plugin version. 
     Alternatively, 
use the flag "--andro
id-skip-build-depende
ncy-validation" to 
bypass this check.

     Potential fix: 
Your project's AGP 
version is typically 
defined in the 
plugins block of the 
`settings.gradle` 
file (D:\Repos\passwo
rdpdf\android/setting
s.gradle), by a 
plugin with the id 
of com.android.applic
ation. 
     If you don't 
see a plugins block, 
your project was 
likely created with 
an older template 
version. In this 
case it is most 
likely defined in 
the top-level 
build.gradle file (D:
\Repos\passwordpdf\an
droid/build.gradle) 
by the following 
line in the 
dependencies block 
of the buildscript: 
"classpath 'com.andro
id.tools.build:gradle
:<version>'".


* Try:
> Run with 
--stacktrace option 
to get the stack 
trace.
> Run with --info or 
--debug option to 
get more log output.
> Run with --scan to 
get full insights.
> Get more help at ht
tps://help.gradle.org
.

BUILD FAILED in 1s
Running Gradle task 'assembleDebug'...                           2,458ms

ΓöîΓöÇ Flutter Fix ΓöÇΓöÇΓöÇΓöÇΓöÇΓöÇΓöÇΓöÇΓöÇΓöÇΓöÇΓöÇΓöÇΓöÇΓöÇΓöÇΓöÇΓöÇΓöÇΓöÇΓöÇΓöÇΓöÇΓöÇΓöÇΓöÇΓöÇΓöÇΓöÇΓöÇΓöÇΓöÇΓöÇΓöÇΓöÇΓöÇΓöÇΓöÇΓöÇΓöÇΓöÇΓöÇΓöÇΓöÇΓöÇΓöÇΓöÇΓöÇΓöÇΓöÇΓöÇΓöÇΓöÇΓöÇΓöÇΓöÇΓöÇΓöÇΓöÇΓöÇΓöÇΓöÇΓöÇΓöÇΓöÇΓöÇΓöÇΓöÇΓöÇΓöÇΓöÇΓöÇΓöÇΓöÇΓöÇΓöÇΓöÇΓöÇΓöÇΓöÇΓöÇΓöÉ
Γöé [!] Starting AGP 9+, only the new DSL interface will be read. This results in a build failure Γöé
Γöé when applying the Flutter Gradle plugin at D:\Repos\passwordpdf\android\app\build.gradle.     Γöé
Γöé                                                                                               Γöé
Γöé To resolve this update flutter or opt out of `android.newDsl`. For instructions on how to opt Γöé
Γöé out, see: https://docs.flutter.dev/release/breaking-changes/migrate-to-agp-9                  Γöé
Γöé                                                                                               Γöé
Γöé If you are not upgrading to AGP 9+, run `flutter analyze --suggestions` to check for          Γöé
Γöé incompatible dependencies.                                                                    Γöé
ΓööΓöÇΓöÇΓöÇΓöÇΓöÇΓöÇΓöÇΓöÇΓöÇΓöÇΓöÇΓöÇΓöÇΓöÇΓöÇΓöÇΓöÇΓöÇΓöÇΓöÇΓöÇΓöÇΓöÇΓöÇΓöÇΓöÇΓöÇΓöÇΓöÇΓöÇΓöÇΓöÇΓöÇΓöÇΓöÇΓöÇΓöÇΓöÇΓöÇΓöÇΓöÇΓöÇΓöÇΓöÇΓöÇΓöÇΓöÇΓöÇΓöÇΓöÇΓöÇΓöÇΓöÇΓöÇΓöÇΓöÇΓöÇΓöÇΓöÇΓöÇΓöÇΓöÇΓöÇΓöÇΓöÇΓöÇΓöÇΓöÇΓöÇΓöÇΓöÇΓöÇΓöÇΓöÇΓöÇΓöÇΓöÇΓöÇΓöÇΓöÇΓöÇΓöÇΓöÇΓöÇΓöÇΓöÇΓöÇΓöÇΓöÇΓöÇΓöÇΓöÇΓöÇΓöÇΓöÇΓöÿ
Gradle task 
assembleDebug failed 
with exit code 1
